PC: 6 (Flags: 0x00): A: ff B: ff C: ff D: ff
PC: 8 (Flags: 0x00): A: ff B: 00 C: 00 D: 00
PC: 10 (Flags: 0x00): A: ff B: 00 C: 01 D: 00
PC: 12 (Flags: 0x00): A: 00 B: 01 C: 01 D: 00
PC: 14 (Flags: 0x00): A: 00 B: 01 C: 01 D: 00
HALT PC: 0x0f, A: 0x00, B: 0x01, C: 0x01, D: 0x00