EXCEPTION PC: 0x02, A: 0x00, B: 0x00, C: 0x00, D: 0x00