PC: 6 (Flags: 0x00): A: 11 B: 22 C: 33 D: 44
A
HALT PC: 0x0d, A: 0x0a, B: 0x22, C: 0x33, D: 0x44